------------------------------------------------------------
Timing Analyzer Summary
------------------------------------------------------------

Type  : Slow 1200mV 100C Model Setup 'inst2|altpll_component|auto_generated|pll1|clk[0]'
Slack : -8.632
TNS   : -44.571

Type  : Slow 1200mV 100C Model Setup 'DisplayLines:inst10|cnt[15]'
Slack : -2.306
TNS   : -24.515

Type  : Slow 1200mV 100C Model Hold 'inst2|altpll_component|auto_generated|pll1|clk[0]'
Slack : 0.384
TNS   : 0.000

Type  : Slow 1200mV 100C Model Hold 'DisplayLines:inst10|cnt[15]'
Slack : 0.397
TNS   : 0.000

Type  : Slow 1200mV 100C Model Minimum Pulse Width 'DisplayLines:inst10|cnt[15]'
Slack : -1.500
TNS   : -16.500

Type  : Slow 1200mV 100C Model Minimum Pulse Width 'clk-two'
Slack : 9.892
TNS   : 0.000

Type  : Slow 1200mV 100C Model Minimum Pulse Width 'inst2|altpll_component|auto_generated|pll1|clk[0]'
Slack : 19.483
TNS   : 0.000

Type  : Slow 1200mV -40C Model Setup 'inst2|altpll_component|auto_generated|pll1|clk[0]'
Slack : -7.413
TNS   : -38.132

Type  : Slow 1200mV -40C Model Setup 'DisplayLines:inst10|cnt[15]'
Slack : -1.938
TNS   : -20.559

Type  : Slow 1200mV -40C Model Hold 'inst2|altpll_component|auto_generated|pll1|clk[0]'
Slack : 0.196
TNS   : 0.000

Type  : Slow 1200mV -40C Model Hold 'DisplayLines:inst10|cnt[15]'
Slack : 0.327
TNS   : 0.000

Type  : Slow 1200mV -40C Model Minimum Pulse Width 'DisplayLines:inst10|cnt[15]'
Slack : -1.500
TNS   : -16.500

Type  : Slow 1200mV -40C Model Minimum Pulse Width 'clk-two'
Slack : 9.910
TNS   : 0.000

Type  : Slow 1200mV -40C Model Minimum Pulse Width 'inst2|altpll_component|auto_generated|pll1|clk[0]'
Slack : 19.470
TNS   : 0.000

Type  : Fast 1200mV -40C Model Setup 'inst2|altpll_component|auto_generated|pll1|clk[0]'
Slack : -4.096
TNS   : -21.268

Type  : Fast 1200mV -40C Model Setup 'DisplayLines:inst10|cnt[15]'
Slack : -0.529
TNS   : -5.418

Type  : Fast 1200mV -40C Model Hold 'inst2|altpll_component|auto_generated|pll1|clk[0]'
Slack : 0.165
TNS   : 0.000

Type  : Fast 1200mV -40C Model Hold 'DisplayLines:inst10|cnt[15]'
Slack : 0.168
TNS   : 0.000

Type  : Fast 1200mV -40C Model Minimum Pulse Width 'DisplayLines:inst10|cnt[15]'
Slack : -1.000
TNS   : -11.000

Type  : Fast 1200mV -40C Model Minimum Pulse Width 'clk-two'
Slack : 9.627
TNS   : 0.000

Type  : Fast 1200mV -40C Model Minimum Pulse Width 'inst2|altpll_component|auto_generated|pll1|clk[0]'
Slack : 19.599
TNS   : 0.000

------------------------------------------------------------
